archey4
attica-qt4
brave-bin
clion
clion-cmake
clion-gdb
clion-jre
cower
datagrip
datagrip-jre
dolphinpart4
downgrade
enchant1.6
exiftags
gconf-gtk2
gedit2
geeh
goland
goland-jre
gstreamer0.10
gstreamer0.10-bad
gstreamer0.10-base
gstreamer0.10-base-plugins
gstreamer0.10-good
gstreamer0.10-ugly
gtk-engine-unico
gtk-theme-flatstudio
jdownloader2
kde-base-artwork
kdebase-lib
kdebase-runtime
kdelibs
libtxc_dxtn
libkactivities4
montecarlo-font
pacaur
package-query
phonon-qt4
phonon-qt4-vlc
pkgcacheclean
polkit-qt4
prboom
pycharm-professional
python-babelfish
python-contextlib2
python-guessit
python-rebulk
python2-apscheduler
python2-babelfish
python2-beautifulsoup3
python2-episode-renamer
python2-plumbum
python2-pyscss
python2-rpyc
python2-tmdb3
rar
retroshare
rider
robo3t-bin
rpl
spacefm
sublime-text-dev
sublime-text2
tcltls
teamviewer
top-c
ttf-envy-code-r
ttf-mplus
ttf-ms-fonts
ttf-vista-fonts
unscd
virtualbox-ext-oracle
webstorm
webstorm-jre
wxgtk2.8
xcursor-dmz
xorg-server-utils
xorg-utils
xvkbd
