brave-bin
cower
dolphinpart4
downgrade
eggdrop
enchant1.6
exiftags
flexget
gconf-gtk2
gedit2
geeh
gstreamer0.10
gstreamer0.10-bad
gstreamer0.10-base
gstreamer0.10-base-plugins
gstreamer0.10-good
gstreamer0.10-ugly
gtk-engine-unico
gtk-theme-flatstudio
gtkglextmm
jdownloader2
kde-base-artwork
kdebase-lib
lib32-libtxc_dxtn
libkactivities4
linuxdcpp
montecarlo-font
pacaur
package-query
pcmciautils
pkgcacheclean
prboom
pycharm-community
python2-apscheduler
python2-babelfish
python2-beautifulsoup3
python2-episode-renamer
python2-flask-compress
python2-flask-cors
python2-flask-restplus086
python2-guessit
python2-path
python2-plumbum
python2-pynzb
python2-pyrss2gen
python2-pyscss
python2-pytvmaze
python2-rebulk
python2-rpyc
python2-tmdb3
python2-zxcvbn
rar
retroshare
robomongo
rpl
spacefm
sublime-text
sublime-text-dev
tcltls
teamviewer
top-c
ttf-envy-code-r
ttf-mplus
ttf-ms-fonts
ttf-vista-fonts
tuxguitar
unscd
vbam-gtk
virtualbox-ext-oracle
wxgtk2.8
xcursor-dmz
xorg-server-utils
xorg-utils
xvkbd
