acpi
aircrack-ng
alsa-firmware
alsa-oss
alsa-plugins
alsa-utils
arandr
arch-install-scripts
archey3
archlinux-wallpaper
ark
artwiz-fonts
asciidoc
atop
audio-convert
autoconf
autocutsel
automake
avidemux-qt
awesome
baobab
bash-completion
bc
bind-tools
binutils
bison
bitlbee
cairo
calibre
catfish
cclive
cdrdao
clisp
cmake
cmatrix
conky
cowsay
cpanminus
cronie
curlftpfs
dash
ddd
deadbeef
devtools
dialog
dmenu
dmidecode
dolphin
dolphinpart4
dosfstools
driconf
dvd+rw-tools
eclipse-java
efl
elinks
emacs
encfs
enlightenment
epdfview
expac
fakeroot
feh
ffmpegthumbs
filezilla
firefox
flashplugin
flex
fontconfig
fortune-mod
fuseiso
gcc-fortran
gcolor2
gdb
gimp
git
gnome-disk-utility
gnome-icon-theme
gnome-icon-theme-extras
gnunet-gtk
gparted
gpicview
gstreamer0.10-bad
gstreamer0.10-base-plugins
gstreamer0.10-good
gstreamer0.10-ugly
gtk-engine-murrine
gtk-vnc
guvcview
gvim
hardinfo
hddtemp
hgsvn
hicolor-icon-theme
htop
hub
hunspell-en
hwinfo
hyphen-en
icedtea-web
intel-ucode
intellij-idea-community-edition
iotop
irssi
jdk8-openjdk
john
jshon
k3b
kdegames-kmahjongg
kdegraphics-okular
keepassx
keychain
lftp
gtk2
libldap
libtxc_dxtn
libxft
mpg123
nvidia-libgl
openal
opencl-nvidia
libisoburn
libmodplug
libmythes
libotr
libreoffice-still
libstatgrab
libtool
libunique
libunrar
libxft
linuxdcpp
lm_sensors
lshw
lua51-filesystem
lua51-socket
luakit
lxappearance
lxtask
lynx
lzop
m4
make
mcomix
meld
memcached
memtest86+
mesa
mlocate
moc
mosh
mtools
multitail
mumble
mythes-en
namcap
nethogs
network-manager-applet
networkmanager
nmap
nmon
nodejs
npm
ntfs-3g
ntp
nvidia
nvidia-libgl
opencl-nvidia
openmpi
openshot
openssh
openttd-opengfx
openttd-opensfx
oxygen
p7zip
parcellite
patch
pidgin
pinta
pkg-config
pkgfile
plasma-desktop
polipo
ppp
putty
pv
pystatgrab
python
python-html2text
python-pip
python2-beautifulsoup3
python2-beautifulsoup4
python2-certifi
python2-enum34
python2-pathlib
python2-pbr
python2-pip
python2-pygeoip
python2-pyinotify
python2-sqlalchemy
rsync
rxvt-unicode
samba
screen
scrot
shotwell
smplayer
spacefm
spectacle
speedcrunch
squashfs-tools
sshfs
steam
sudo
syslinux
tangerine-icon-theme
tcpdump
terminology
terminus-font
thunderbird
tig
tls
tor
torsocks
traceroute
transmission-gtk
truecrypt
tsocks
ttf-bitstream-vera
tuxguitar
typescript
udevil
unrar
unzip
upx
vbam-gtk
vicious
virtualbox
virtualbox-guest-iso
vlc
vnstat
vorbis-tools
vsftpd
wavpack
webkitgtk2
weechat
wget
whois
wine
winetricks
wmctrl
wmname
wpa_supplicant
xbindkeys
xclip
xcursor-themes
xdotool
xf86-input-evdev
xf86-input-keyboard
xf86-input-mouse
xf86-input-synaptics
xf86-input-vmmouse
xf86-input-void
xf86-video-nouveau
xf86-video-vesa
xorg-fonts-100dpi
xorg-fonts-75dpi
xorg-fonts-type1
xorg-server
xorg-server-devel
xorg-server-utils
xorg-server-xephyr
xorg-utils
xorg-xinit
xorg-xkill
xterm
xvkbd
yajl
zenity
zip
zsh
zsh-completions
zsh-syntax-highlighting
zsnes
