acpi
aircrack-ng
alsa-firmware
alsa-oss
alsa-plugins
alsa-utils
arch-install-scripts
archey3
archlinux-wallpaper
artwiz-fonts
asciidoc
atop
audio-convert
autoconf
autocutsel
automake
avidemux-qt
awesome
baobab
bash-completion
bc
binutils
bison
bitlbee
cairo
calibre
catfish
cclive
cdrdao
chromium
clisp
cmake
cmatrix
conky
cowsay
cpanminus
curlftpfs
dash
ddd
deadbeef
devtools
dialog
dmenu
dmidecode
dnsutils
dosfstools
driconf
dvd+rw-tools
eclipse
efl
elinks
emacs
encfs
enlightenment
epdfview
expac
fakeroot
feh
filezilla
firefox
flashplugin
flex
fontconfig
fortune-mod
fuseiso
gcc-libs
gcc
gcolor2
gdb
gedit
ghc
gimp
git
gnome-disk-utility
gnome-icon-theme
gnome-icon-theme-extras
gnunet-gtk
gparted
gpicview
gstreamer0.10-bad
gstreamer0.10-base-plugins
gstreamer0.10-good
gstreamer0.10-ugly
gtk-engine-murrine
gtk-vnc
gvim
hardinfo
hddtemp
hgsvn
hicolor-icon-theme
hsetroot
htop
hub
hunspell-en
hwinfo
hyphen-en
icedtea-web-java7
iotop
irssi
john
jre7-openjdk
jshon
k3b
kde-base-artwork
kdebase-dolphin
kdebase-plasma
kdebase-workspace
kdegames-kmahjongg
kdegraphics-ksnapshot
kdegraphics-okular
kdemultimedia-ffmpegthumbs
kdeutils-ark
keepassx
keychain
lftp
gtk2
libldap
libtxc_dxtn
libxft
mpg123
nvidia-libgl
openal
opencl-nvidia
libisoburn
libmodplug
libmythes
libotr
libpng12
libreoffice-base
libreoffice-calc
libreoffice-common
libreoffice-en-US
libreoffice-impress
libreoffice-math
libreoffice-writer
libstatgrab
libtool
libunique
libxft
linuxdcpp
lm_sensors
lua51-filesystem
lua51-socket
luakit
lxappearance
lxtask
lynx
lzop
m4
make
mcomix
meld
memcached
memtest86+
mesa
mlocate
moc
mosh
mtools
multitail
mumble
mythes-en
namcap
netbeans
nethogs
network-manager-applet
networkmanager
nmap
nmon
ntfs-3g
ntp
nvidia
nvidia-libgl
opencl-nvidia
openshot
openssh
openttd-opengfx
openttd-opensfx
oxygen-gtk3
p7zip
parcellite
patch
pidgin
pinta
pkg-config
pkgfile
polipo
ppp
privoxy
putty
pystatgrab
python
python2-beautifulsoup4
python2-pip
python2-pyinotify
rsync
rxvt-unicode
samba
screen
scrot
shotwell
skype
smplayer
spacefm
squashfs-tools
sshfs
steam
sudo
syslinux
tangerine-icon-theme
tcpdump
terminology
terminus-font
thunderbird
tig
tls
tor
torsocks
traceroute
transmission-qt
truecrypt
tsocks
ttf-bitstream-vera
udevil
unrar
unzip
upx
vbam-gtk
vicious
virtualbox
virtualbox-guest-iso
vlc
vnstat
vorbis-tools
wavpack
webkitgtk2
weechat
wget
whois
wine
wireshark-cli
wireshark-gtk
wmctrl
wmname
wpa_supplicant
xbindkeys
xclip
xcursor-themes
xdotool
xf86-input-evdev
xf86-input-keyboard
xf86-input-mouse
xf86-input-synaptics
xf86-input-vmmouse
xf86-input-void
xf86-video-vesa
xorg-fonts-100dpi
xorg-fonts-75dpi
xorg-fonts-type1
xorg-server
xorg-server-utils
xorg-server-xephyr
xorg-utils
xorg-xinit
xorg-xkill
xterm
xvkbd
yajl
zenity
zip
zsh
zsh-completions
zsh-syntax-highlighting
zsnes
