acpi
aircrack-ng
alsa-firmware
alsa-oss
alsa-plugins
alsa-utils
android-tools
arandr
arch-install-scripts
archey3
archlinux-wallpaper
ark
artwiz-fonts
asciidoc
atop
audio-convert
autoconf
autocutsel
automake
avidemux-qt
baobab
bash-completion
bc
bind-tools
binutils
bison
bitlbee
bleachbit
cairo
calibre
catfish
cclive
cdrdao
chromium
clojure
cmake
cmatrix
conky
cowsay
cpanminus
cronie
curlftpfs
dash
deadbeef
desmume
devtools
dialog
dmenu
dmidecode
dolphin
dosfstools
driconf
dvd+rw-tools
efl
elinks
emacs
encfs
epdfview
expac
fakeroot
fceux
ffmpegthumbs
filezilla
firefox
flashplugin
flex
fontconfig
fortune-mod
fuseiso
gcolor2
gimp
git
gitlab
gnome-disk-utility
gnome-icon-theme
gnome-icon-theme-extras
gnunet-gtk
go
gparted
gpicview
gtk-engine-murrine
gtk-vnc
guvcview
gvim
hardinfo
hddtemp
hexchat
hicolor-icon-theme
htop
hub
hunspell-en
hwinfo
hyphen-en
icedtea-web
intel-ucode
intellij-idea-community-edition
iotop
irssi
jdk8-openjdk
john
jshon
k3b
kdeplasma-addons
keepassx
keychain
kmahjongg
kmix
kphotoalbum
lftp
lib32-gtk2
lib32-libldap
lib32-libpulse
lib32-libxft
lib32-libxtst
lib32-mpg123
lib32-openal
lib32-opencl-nvidia
libisoburn
libmodplug
libmythes
libotr
libpng12
libreoffice-still
libstatgrab
libtool
libunique
libunrar
libxft
linux-headers
lm_sensors
lshw
lua51-filesystem
lua51-socket
lxappearance
lxtask
lynx
lzop
m4
make
mame
mcomix
meld
memcached
memtest86+
mesa
mlocate
moc
mongodb
mongodb-tools
mosh
mtools
multitail
mumble
mythes-en
namcap
nethogs
network-manager-applet
networkmanager
nmap
nmon
nodejs
npm
ntfs-3g
ntp
nvidia
okular
opencl-nvidia
openmpi
openshot
openssh
openttd-opengfx
openttd-opensfx
oxygen
p7zip
pamixer
patch
pavucontrol
pavucontrol-qt
perl-clone
perl-file-chdir
perl-path-class
pinta
pkgconf
pkgfile
plasma-desktop
plasma-pa
polipo
ppp
pulseaudio
pulseaudio-alsa
putty
pv
pystatgrab
python
python-html2text
python-pip
python-selenium
python2-beautifulsoup4
python2-certifi
python2-dateutil
python2-enum34
python2-pathlib
python2-pbr
python2-pip
python2-pygeoip
python2-pyinotify
python2-selenium
python2-sqlalchemy
qmc2
rawtherapee
ristretto
rsync
rxvt-unicode
scapy
screen
scrot
sddm
shotwell
smplayer
spectacle
speedcrunch
squashfs-tools
sshfs
stalonetray
steam
sudo
syslinux
tangerine-icon-theme
tcpdump
terminology
terminus-font
thunderbird
tig
tint2
tor
torsocks
traceroute
transmission-cli
transmission-gtk
truecrypt
tsocks
ttf-bitstream-vera
tumbler
typescript
udevil
unrar
unzip
upx
urxvt-perls
vicious
virtualbox
virtualbox-guest-dkms
virtualbox-guest-iso
vlc
vnstat
vorbis-tools
vsftpd
wavpack
weechat
wget
whois
wine
winetricks
wireshark-gtk
wmctrl
wmname
wpa_supplicant
xbindkeys
xclip
xcursor-themes
xdotool
xf86-input-evdev
xf86-input-keyboard
xf86-input-mouse
xf86-input-synaptics
xf86-input-vmmouse
xf86-input-void
xf86-video-nouveau
xf86-video-vesa
xorg-fonts-100dpi
xorg-fonts-75dpi
xorg-fonts-type1
xorg-server
xorg-server-devel
xorg-server-xephyr
xorg-xinit
xorg-xkill
xterm
yajl
youtube-dl
zenity
zip
zsh
zsh-completions
zsh-syntax-highlighting
zsnes
